# 2025-12-26T20:55:50+08:00
# Input: /mnt/d/proj/spice_netlist_parser/examples/100.sp
# JSON output: /mnt/d/proj/spice_netlist_parser/examples//100.json
# Compare output: /mnt/d/proj/spice_netlist_parser/examples//100.json
# Command (parse): /mnt/d/proj/spice_netlist_parser/netlist_parser.sh "/mnt/d/proj/spice_netlist_parser/examples/100.sp" --format json --output "/mnt/d/proj/spice_netlist_parser/examples//100.json" 
------------------------------------------------------------
[0;34mSPICE Netlist Parser[0m
====================

Note: Not in a virtual environment. Consider using one.

[0;32mRunning parser...[0m

2025-12-26 20:55:51,702 - spice_netlist_parser.parser - INFO - Parsing file: /mnt/d/proj/spice_netlist_parser/examples/100.sp
2025-12-26 20:55:51,711 - spice_netlist_parser.cli - ERROR - Failed to parse /mnt/d/proj/spice_netlist_parser/examples/100.sp: File: /mnt/d/proj/spice_netlist_parser/examples/100.sp - Line 3 - Unexpected token at line 3: Unexpected token Token('MODEL_NAME', 'R1c') at line 3, column 1.
Expected one of: 
	* RESISTOR_NAME
	* NEWLINE
	* __ANON_4
	* __ANON_7
	* __ANON_0
	* __ANON_8
	* INDUCTOR_NAME
	* VOLTAGE_NAME
	* __ANON_10
	* __ANON_9
	* CAPACITOR_NAME
	* BJT_NAME
	* __ANON_2
	* __ANON_3
	* CURRENT_NAME
	* __ANON_1
	* __ANON_5
	* SUBCKT_INST_NAME
	* MOSFET_NAME
	* DIODE_NAME
	* COMPONENT_NAME


# Command (compare): /mnt/d/proj/spice_netlist_parser/netlist_parser.sh "/mnt/d/proj/spice_netlist_parser/examples/100.sp" --compare "/mnt/d/proj/spice_netlist_parser/examples/100.sp" --compare-format json --compare-output "/mnt/d/proj/spice_netlist_parser/examples//100.json" 
------------------------------------------------------------
[0;34mSPICE Netlist Parser[0m
====================

Note: Not in a virtual environment. Consider using one.

[0;34mNetlist comparison[0m
-------------------
[0;32mComparing:[0m /mnt/d/proj/spice_netlist_parser/examples/100.sp  <->  /mnt/d/proj/spice_netlist_parser/examples/100.sp

2025-12-26 20:55:52,600 - spice_netlist_parser.parser - INFO - Parsing file: /mnt/d/proj/spice_netlist_parser/examples/100.sp
Traceback (most recent call last):
  File "/home/yongfu/.local/lib/python3.10/site-packages/lark/parsers/lalr_parser_state.py", line 77, in feed_token
    action, arg = states[state][token.type]
KeyError: 'MODEL_NAME'

During handling of the above exception, another exception occurred:

Traceback (most recent call last):
  File "/mnt/d/proj/spice_netlist_parser/src/spice_netlist_parser/ast_parser.py", line 524, in parse_string
    tree = self.parser.parse(processed_text, start="start")
  File "/home/yongfu/.local/lib/python3.10/site-packages/lark/lark.py", line 677, in parse
    return self.parser.parse(text, start=start, on_error=on_error)
  File "/home/yongfu/.local/lib/python3.10/site-packages/lark/parser_frontends.py", line 131, in parse
    return self.parser.parse(stream, chosen_start, **kw)
  File "/home/yongfu/.local/lib/python3.10/site-packages/lark/parsers/lalr_parser.py", line 42, in parse
    return self.parser.parse(lexer, start)
  File "/home/yongfu/.local/lib/python3.10/site-packages/lark/parsers/lalr_parser.py", line 88, in parse
    return self.parse_from_state(parser_state)
  File "/home/yongfu/.local/lib/python3.10/site-packages/lark/parsers/lalr_parser.py", line 111, in parse_from_state
    raise e
  File "/home/yongfu/.local/lib/python3.10/site-packages/lark/parsers/lalr_parser.py", line 102, in parse_from_state
    state.feed_token(token)
  File "/home/yongfu/.local/lib/python3.10/site-packages/lark/parsers/lalr_parser_state.py", line 80, in feed_token
    raise UnexpectedToken(token, expected, state=self, interactive_parser=None)
lark.exceptions.UnexpectedToken: Unexpected token Token('MODEL_NAME', 'R1c') at line 3, column 1.
Expected one of: 
	* __ANON_10
	* __ANON_3
	* __ANON_0
	* __ANON_1
	* CURRENT_NAME
	* DIODE_NAME
	* INDUCTOR_NAME
	* CAPACITOR_NAME
	* VOLTAGE_NAME
	* __ANON_2
	* SUBCKT_INST_NAME
	* __ANON_7
	* __ANON_5
	* MOSFET_NAME
	* NEWLINE
	* COMPONENT_NAME
	* __ANON_9
	* __ANON_8
	* BJT_NAME
	* RESISTOR_NAME
	* __ANON_4


The above exception was the direct cause of the following exception:

Traceback (most recent call last):
  File "<stdin>", line 36, in <module>
  File "<stdin>", line 18, in main
  File "/mnt/d/proj/spice_netlist_parser/src/spice_netlist_parser/comparison.py", line 319, in compare_files
    left = p.parse_file(left_path)
  File "/mnt/d/proj/spice_netlist_parser/src/spice_netlist_parser/parser.py", line 50, in parse_file
    ast = self.ast_parser.parse_file(filepath)
  File "/mnt/d/proj/spice_netlist_parser/src/spice_netlist_parser/ast_parser.py", line 470, in parse_file
    return self.parse_string(content)
  File "/mnt/d/proj/spice_netlist_parser/src/spice_netlist_parser/ast_parser.py", line 532, in parse_string
    raise ParseError(msg, filename=self.filename, line_number=line_num) from e
spice_netlist_parser.exceptions.ParseError: File: /mnt/d/proj/spice_netlist_parser/examples/100.sp - Line 3 - Unexpected token at line 3: Unexpected token Token('MODEL_NAME', 'R1c') at line 3, column 1.
Expected one of: 
	* __ANON_10
	* __ANON_3
	* __ANON_0
	* __ANON_1
	* CURRENT_NAME
	* DIODE_NAME
	* INDUCTOR_NAME
	* CAPACITOR_NAME
	* VOLTAGE_NAME
	* __ANON_2
	* SUBCKT_INST_NAME
	* __ANON_7
	* __ANON_5
	* MOSFET_NAME
	* NEWLINE
	* COMPONENT_NAME
	* __ANON_9
	* __ANON_8
	* BJT_NAME
	* RESISTOR_NAME
	* __ANON_4

